This is cmdstanr version 0.9.0
- CmdStanR documentation and vignettes: mc-stan.org/cmdstanr
- CmdStan path: /home/rr673/.cmdstan/cmdstan-2.38.0
- CmdStan version: 2.38.0

Attaching package: ‘dplyr’

The following objects are masked from ‘package:stats’:

    filter, lag

The following objects are masked from ‘package:base’:

    intersect, setdiff, setequal, union


Attaching package: ‘gridExtra’

The following object is masked from ‘package:dplyr’:

    combine

This is posterior version 1.7.0

Attaching package: ‘posterior’

The following objects are masked from ‘package:stats’:

    mad, sd, var

The following objects are masked from ‘package:base’:

    %in%, match

Loading stan_data...
N_groups: 51 
N_years:  17 
K_max:    10 
Compiling model...

=== OPTIMIZE (MAP point estimate) ===
Initial log joint probability = -5.94519e+08 
    Iter      log prob        ||dx||      ||grad||       alpha      alpha0  # evals  Notes  
      99      -20607.1      0.199365       263.912           1           1      111    
    Iter      log prob        ||dx||      ||grad||       alpha      alpha0  # evals  Notes  
     199      -20272.6     0.0475205       336.245           1           1      220    
    Iter      log prob        ||dx||      ||grad||       alpha      alpha0  # evals  Notes  
     299      -20201.6     0.0032513          72.4           1           1      326    
    Iter      log prob        ||dx||      ||grad||       alpha      alpha0  # evals  Notes  
     399      -20181.5    0.00539234       95.6727           1           1      436    
    Iter      log prob        ||dx||      ||grad||       alpha      alpha0  # evals  Notes  
     499      -20148.2    0.00178681       101.385      0.7153      0.7153      542    
    Iter      log prob        ||dx||      ||grad||       alpha      alpha0  # evals  Notes  
     599      -20128.4     0.0165775        232.32           1           1      652    
    Iter      log prob        ||dx||      ||grad||       alpha      alpha0  # evals  Notes  
     699      -20093.7     0.0187367       112.889           1           1      760    
    Iter      log prob        ||dx||      ||grad||       alpha      alpha0  # evals  Notes  
     799      -20088.4     0.0108256       131.164           1           1      872    
    Iter      log prob        ||dx||      ||grad||       alpha      alpha0  # evals  Notes  
     899      -20084.6   0.000244046       15.7794      0.4776      0.4776      981    
    Iter      log prob        ||dx||      ||grad||       alpha      alpha0  # evals  Notes  
     999      -20081.7   0.000554503       23.1276           1           1     1092    
    Iter      log prob        ||dx||      ||grad||       alpha      alpha0  # evals  Notes  
    1099      -20076.6     0.0748311       447.034           1           1     1200    
    Iter      log prob        ||dx||      ||grad||       alpha      alpha0  # evals  Notes  
    1199      -20075.9    0.00228192       52.2121           1           1     1309    
    Iter      log prob        ||dx||      ||grad||       alpha      alpha0  # evals  Notes  
    1210      -20075.9   0.000117703        3.5522           1           1     1321    
Optimization terminated normally:  
  Convergence detected: relative gradient magnitude is below tolerance 
Finished in  2.5 seconds.

MAP estimates for key parameters:
  sigma_beta = 0.0000
  sigma_gamma = 0.0000
  phi = 375.4 (log_phi = 5.928)

=== PATHFINDER (approximate posterior) ===
Path [1] :Initial log joint density = -594518770.546586 
Path [1] : Iter      log prob        ||dx||      ||grad||     alpha      alpha0      # evals       ELBO    Best ELBO        Notes  
             99      -2.092e+04      2.343e-01   5.931e+02    1.000e+00  1.000e+00      8283 -2.530e+04 -2.967e+04                   
Path [1] : Iter      log prob        ||dx||      ||grad||     alpha      alpha0      # evals       ELBO    Best ELBO        Notes  
            199      -2.062e+04      1.937e-02   9.269e+02    9.898e-01  9.898e-01     27283 -2.432e+04 -2.520e+04                   
Path [1] : Iter      log prob        ||dx||      ||grad||     alpha      alpha0      # evals       ELBO    Best ELBO        Notes  
            299      -2.030e+04      9.036e-03   1.414e+02    1.000e+00  1.000e+00     56864 -2.386e+04 -2.448e+04                   
Path [1] : Iter      log prob        ||dx||      ||grad||     alpha      alpha0      # evals       ELBO    Best ELBO        Notes  
            399      -2.026e+04      6.352e-03   7.064e+02    6.209e-01  6.209e-01     97086 -2.369e+04 -2.399e+04                   
Path [1] : Iter      log prob        ||dx||      ||grad||     alpha      alpha0      # evals       ELBO    Best ELBO        Notes  
            499      -2.023e+04      4.382e-04   8.848e+01    1.000e+00  1.000e+00    148087 -2.367e+04 -2.374e+04                   
Path [1] : Iter      log prob        ||dx||      ||grad||     alpha      alpha0      # evals       ELBO    Best ELBO        Notes  
            599      -2.021e+04      4.794e-04   4.993e+01    7.471e-01  7.471e-01    210100 -2.362e+04 -2.365e+04                   
Path [1] : Iter      log prob        ||dx||      ||grad||     alpha      alpha0      # evals       ELBO    Best ELBO        Notes  
            699      -2.019e+04      1.061e-01   1.467e+03    1.000e+00  1.000e+00    283002 -2.361e+04 -2.390e+04                   
Path [1] : Iter      log prob        ||dx||      ||grad||     alpha      alpha0      # evals       ELBO    Best ELBO        Notes  
            799      -2.017e+04      1.288e-02   2.655e+02    1.000e+00  1.000e+00    366672 -2.357e+04 -2.430e+04                   
Path [1] : Iter      log prob        ||dx||      ||grad||     alpha      alpha0      # evals       ELBO    Best ELBO        Notes  
            899      -2.016e+04      4.418e-01   1.377e+03    1.000e+00  1.000e+00    461064 -2.355e+04 -2.712e+04                   
Path [1] : Iter      log prob        ||dx||      ||grad||     alpha      alpha0      # evals       ELBO    Best ELBO        Notes  
            999      -2.014e+04      2.280e-03   5.782e+01    1.000e+00  1.000e+00    566182 -2.350e+04 -2.383e+04                   
Path [1] : Iter      log prob        ||dx||      ||grad||     alpha      alpha0      # evals       ELBO    Best ELBO        Notes  
           1000      -2.014e+04      2.860e-03   1.039e+02    1.000e+00  1.000e+00    567287 -2.350e+04 -2.363e+04                   
Path [1] :Best Iter: [924] ELBO (-23496.031883) evaluations: (567287) 
Path [2] :Initial log joint density = -588669522.355151 
Path [2] : Iter      log prob        ||dx||      ||grad||     alpha      alpha0      # evals       ELBO    Best ELBO        Notes  
             99      -2.058e+04      4.400e-01   5.900e+03    1.000e+00  1.000e+00      8503 -2.456e+04 -2.495e+04                   
Path [2] : Iter      log prob        ||dx||      ||grad||     alpha      alpha0      # evals       ELBO    Best ELBO        Notes  
            199      -2.027e+04      1.357e-02   5.369e+02    9.610e-01  9.610e-01     27796 -2.378e+04 -2.380e+04                   
Path [2] : Iter      log prob        ||dx||      ||grad||     alpha      alpha0      # evals       ELBO    Best ELBO        Notes  
            299      -2.023e+04      1.827e-02   3.023e+02    1.000e+00  1.000e+00     57881 -2.378e+04 -2.493e+04                   
Path [2] : Iter      log prob        ||dx||      ||grad||     alpha      alpha0      # evals       ELBO    Best ELBO        Notes  
            399      -2.022e+04      4.350e-04   4.292e+01    4.376e-01  4.376e-01     98541 -2.370e+04 -2.371e+04                   
Path [2] : Iter      log prob        ||dx||      ||grad||     alpha      alpha0      # evals       ELBO    Best ELBO        Notes  
            499      -2.017e+04      1.898e-01   3.017e+02    1.000e+00  1.000e+00    149952 -2.368e+04 -3.340e+04                   
Path [2] : Iter      log prob        ||dx||      ||grad||     alpha      alpha0      # evals       ELBO    Best ELBO        Notes  
            599      -2.010e+04      3.662e-02   5.171e+01    1.000e+00  1.000e+00    211861 -2.368e+04 -2.652e+04                   
Path [2] : Iter      log prob        ||dx||      ||grad||     alpha      alpha0      # evals       ELBO    Best ELBO        Notes  
            699      -2.009e+04      2.845e-02   2.052e+02    1.000e+00  1.000e+00    284488 -2.350e+04 -2.471e+04                   
Path [2] : Iter      log prob        ||dx||      ||grad||     alpha      alpha0      # evals       ELBO    Best ELBO        Notes  
            799      -2.004e+04      6.444e-02   1.960e+03    1.000e+00  1.000e+00    368039 -2.346e+04 -2.363e+04                   
Path [2] : Iter      log prob        ||dx||      ||grad||     alpha      alpha0      # evals       ELBO    Best ELBO        Notes  
            899      -1.996e+04      8.707e-03   7.849e+02    3.228e-01  3.228e-01    462735 -2.334e+04 -2.384e+04                   
Path [2] : Iter      log prob        ||dx||      ||grad||     alpha      alpha0      # evals       ELBO    Best ELBO        Notes  
            999      -1.992e+04      1.088e-02   4.169e+02    4.614e-01  4.614e-01    568447 -2.331e+04 -2.391e+04                   
Path [2] : Iter      log prob        ||dx||      ||grad||     alpha      alpha0      # evals       ELBO    Best ELBO        Notes  
           1000      -1.992e+04      2.059e-02   1.151e+02    1.000e+00  1.000e+00    569562 -2.331e+04 -2.372e+04                   
Path [2] :Best Iter: [959] ELBO (-23314.015573) evaluations: (569562) 
Path [3] :Initial log joint density = -604441588.270698 
Path [3] : Iter      log prob        ||dx||      ||grad||     alpha      alpha0      # evals       ELBO    Best ELBO        Notes  
             99      -2.036e+04      5.846e-02   5.064e+02    3.512e-01  1.000e+00      8360 -2.415e+04 -2.418e+04                   
Path [3] : Iter      log prob        ||dx||      ||grad||     alpha      alpha0      # evals       ELBO    Best ELBO        Notes  
            199      -2.027e+04      1.301e-02   3.809e+02    7.293e-01  7.293e-01     27437 -2.379e+04 -2.444e+04                   
Path [3] : Iter      log prob        ||dx||      ||grad||     alpha      alpha0      # evals       ELBO    Best ELBO        Notes  
            299      -2.024e+04      3.866e-02   1.269e+02    1.000e+00  1.000e+00     57210 -2.379e+04 -2.536e+04                   
Path [3] : Iter      log prob        ||dx||      ||grad||     alpha      alpha0      # evals       ELBO    Best ELBO        Notes  
            399      -2.021e+04      4.295e-04   8.314e+01    1.000e+00  1.000e+00     97691 -2.364e+04 -2.366e+04                   
Path [3] : Iter      log prob        ||dx||      ||grad||     alpha      alpha0      # evals       ELBO    Best ELBO        Notes  
            499      -2.015e+04      1.454e-01   1.192e+03    1.000e+00  1.000e+00    149042 -2.360e+04 -2.626e+04                   
Path [3] : Iter      log prob        ||dx||      ||grad||     alpha      alpha0      # evals       ELBO    Best ELBO        Notes  
            599      -2.011e+04      1.944e-03   6.704e+01    1.000e+00  1.000e+00    211304 -2.355e+04 -2.408e+04                   
Path [3] : Iter      log prob        ||dx||      ||grad||     alpha      alpha0      # evals       ELBO    Best ELBO        Notes  
            699      -2.011e+04      9.936e-04   4.183e+01    1.000e+00  1.000e+00    284221 -2.349e+04 -2.368e+04                   
Path [3] : Iter      log prob        ||dx||      ||grad||     alpha      alpha0      # evals       ELBO    Best ELBO        Notes  
            799      -2.010e+04      5.155e-03   5.521e+01    1.000e+00  1.000e+00    367608 -2.349e+04 -2.472e+04                   
Path [3] : Iter      log prob        ||dx||      ||grad||     alpha      alpha0      # evals       ELBO    Best ELBO        Notes  
            899      -2.010e+04      6.791e-04   2.098e+01    4.546e-01  4.546e-01    461708 -2.349e+04 -2.424e+04                   
Path [3] : Iter      log prob        ||dx||      ||grad||     alpha      alpha0      # evals       ELBO    Best ELBO        Notes  
            999      -2.010e+04      8.169e-03   2.165e+02    1.000e+00  1.000e+00    566771 -2.349e+04 -2.390e+04                   
Path [3] : Iter      log prob        ||dx||      ||grad||     alpha      alpha0      # evals       ELBO    Best ELBO        Notes  
           1000      -2.010e+04      9.709e-03   1.450e+02    1.000e+00  1.000e+00    567875 -2.349e+04 -2.402e+04                   
Path [3] :Best Iter: [974] ELBO (-23485.993011) evaluations: (567875) 
Path [4] :Initial log joint density = -578947654.786993 
Path [4] : Iter      log prob        ||dx||      ||grad||     alpha      alpha0      # evals       ELBO    Best ELBO        Notes  
             99      -2.102e+04      6.698e-01   2.702e+03    1.000e+00  1.000e+00      8320 -2.491e+04 -2.616e+04                   
Path [4] : Iter      log prob        ||dx||      ||grad||     alpha      alpha0      # evals       ELBO    Best ELBO        Notes  
            199      -2.034e+04      1.724e-01   1.089e+03    1.000e+00  1.000e+00     27330 -2.387e+04 -2.503e+04                   
Path [4] : Iter      log prob        ||dx||      ||grad||     alpha      alpha0      # evals       ELBO    Best ELBO        Notes  
            299      -2.025e+04      4.893e-04   6.210e+01    1.000e+00  1.000e+00     57115 -2.375e+04 -2.374e+04                   
Path [4] : Iter      log prob        ||dx||      ||grad||     alpha      alpha0      # evals       ELBO    Best ELBO        Notes  
            399      -2.023e+04      1.037e-02   2.729e+02    1.000e+00  1.000e+00     97641 -2.370e+04 -2.569e+04                   
Path [4] : Iter      log prob        ||dx||      ||grad||     alpha      alpha0      # evals       ELBO    Best ELBO        Notes  
            499      -2.020e+04      8.466e-03   2.928e+02    1.000e+00  1.000e+00    148918 -2.363e+04 -2.386e+04                   
Path [4] : Iter      log prob        ||dx||      ||grad||     alpha      alpha0      # evals       ELBO    Best ELBO        Notes  
            599      -2.017e+04      4.949e-02   1.111e+02    1.000e+00  1.000e+00    211128 -2.361e+04 -2.920e+04                   
Path [4] : Iter      log prob        ||dx||      ||grad||     alpha      alpha0      # evals       ELBO    Best ELBO        Notes  
            699      -2.015e+04      1.118e-02   1.165e+02    1.000e+00  1.000e+00    284473 -2.359e+04 -2.417e+04                   
Path [4] : Iter      log prob        ||dx||      ||grad||     alpha      alpha0      # evals       ELBO    Best ELBO        Notes  
            799      -2.014e+04      9.950e-03   6.838e+02    6.027e-01  6.027e-01    368440 -2.357e+04 -2.386e+04                   
Path [4] : Iter      log prob        ||dx||      ||grad||     alpha      alpha0      # evals       ELBO    Best ELBO        Notes  
            899      -2.013e+04      7.635e-03   2.330e+02    1.000e+00  1.000e+00    463203 -2.348e+04 -2.396e+04                   
Path [4] : Iter      log prob        ||dx||      ||grad||     alpha      alpha0      # evals       ELBO    Best ELBO        Notes  
            999      -2.011e+04      2.942e-02   1.306e+02    1.000e+00  1.000e+00    568712 -2.348e+04 -2.474e+04                   
Path [4] : Iter      log prob        ||dx||      ||grad||     alpha      alpha0      # evals       ELBO    Best ELBO        Notes  
           1000      -2.011e+04      3.792e-02   1.707e+02    1.000e+00  1.000e+00    569820 -2.348e+04 -2.526e+04                   
Path [4] :Best Iter: [838] ELBO (-23475.602455) evaluations: (569820) 
Finished in  64.6 seconds.

Pathfinder summary for key parameters:
# A tibble: 3 × 7
  variable         mean       median        sd         mad       q5        q95
  <chr>           <dbl>        <dbl>     <dbl>       <dbl>    <dbl>      <dbl>
1 sigma_beta    0.00146   0.00000779   0.00252   0.0000116 1.44e-11    0.00585
2 sigma_gamma   0.414     0.00368      0.713     0.00546   3.33e-12    1.69   
3 phi         591.      489.         252.      174.        3.59e+ 2 1017.     

Pathfinder gamma diagnostics:
  Pathfinder max |gamma|: 0.23 
  Pathfinder mean |gamma|: 0.0271 
  Pathfinder methods with 90% CI excl. zero: 29 

=== FULL MCMC SAMPLING ===
Settings: warmup=2000, iter=4000, max_treedepth=14
Pareto k-hat = 16.79. Mean does not exist, making empirical mean estimate of the draws not applicable.
Running MCMC with 4 parallel chains...

Chain 1 Iteration:    1 / 4000 [  0%]  (Warmup) 
Chain 2 Iteration:    1 / 4000 [  0%]  (Warmup) 
Chain 3 Iteration:    1 / 4000 [  0%]  (Warmup) 
Chain 4 Iteration:    1 / 4000 [  0%]  (Warmup) 
Chain 3 Iteration:  200 / 4000 [  5%]  (Warmup) 
Chain 1 Iteration:  200 / 4000 [  5%]  (Warmup) 
Chain 4 Iteration:  200 / 4000 [  5%]  (Warmup) 
Chain 2 Iteration:  200 / 4000 [  5%]  (Warmup) 
Chain 3 Iteration:  400 / 4000 [ 10%]  (Warmup) 
Chain 1 Iteration:  400 / 4000 [ 10%]  (Warmup) 
Chain 2 Iteration:  400 / 4000 [ 10%]  (Warmup) 
Chain 4 Iteration:  400 / 4000 [ 10%]  (Warmup) 
Chain 3 Iteration:  600 / 4000 [ 15%]  (Warmup) 
Chain 1 Iteration:  600 / 4000 [ 15%]  (Warmup) 
Chain 2 Iteration:  600 / 4000 [ 15%]  (Warmup) 
Chain 4 Iteration:  600 / 4000 [ 15%]  (Warmup) 
Chain 3 Iteration:  800 / 4000 [ 20%]  (Warmup) 
Chain 1 Iteration:  800 / 4000 [ 20%]  (Warmup) 
Chain 4 Iteration:  800 / 4000 [ 20%]  (Warmup) 
Chain 2 Iteration:  800 / 4000 [ 20%]  (Warmup) 
Chain 1 Iteration: 1000 / 4000 [ 25%]  (Warmup) 
Chain 4 Iteration: 1000 / 4000 [ 25%]  (Warmup) 
Chain 3 Iteration: 1000 / 4000 [ 25%]  (Warmup) 
Chain 2 Iteration: 1000 / 4000 [ 25%]  (Warmup) 
Chain 1 Iteration: 1200 / 4000 [ 30%]  (Warmup) 
Chain 4 Iteration: 1200 / 4000 [ 30%]  (Warmup) 
Chain 2 Iteration: 1200 / 4000 [ 30%]  (Warmup) 
Chain 3 Iteration: 1200 / 4000 [ 30%]  (Warmup) 
Chain 1 Iteration: 1400 / 4000 [ 35%]  (Warmup) 
Chain 4 Iteration: 1400 / 4000 [ 35%]  (Warmup) 
Chain 2 Iteration: 1400 / 4000 [ 35%]  (Warmup) 
Chain 3 Iteration: 1400 / 4000 [ 35%]  (Warmup) 
Chain 1 Iteration: 1600 / 4000 [ 40%]  (Warmup) 
Chain 4 Iteration: 1600 / 4000 [ 40%]  (Warmup) 
Chain 3 Iteration: 1600 / 4000 [ 40%]  (Warmup) 
Chain 2 Iteration: 1600 / 4000 [ 40%]  (Warmup) 
Chain 1 Iteration: 1800 / 4000 [ 45%]  (Warmup) 
Chain 4 Iteration: 1800 / 4000 [ 45%]  (Warmup) 
Chain 3 Iteration: 1800 / 4000 [ 45%]  (Warmup) 
Chain 2 Iteration: 1800 / 4000 [ 45%]  (Warmup) 
Chain 1 Iteration: 2000 / 4000 [ 50%]  (Warmup) 
Chain 1 Iteration: 2001 / 4000 [ 50%]  (Sampling) 
Chain 4 Iteration: 2000 / 4000 [ 50%]  (Warmup) 
Chain 4 Iteration: 2001 / 4000 [ 50%]  (Sampling) 
Chain 3 Iteration: 2000 / 4000 [ 50%]  (Warmup) 
Chain 3 Iteration: 2001 / 4000 [ 50%]  (Sampling) 
Chain 2 Iteration: 2000 / 4000 [ 50%]  (Warmup) 
Chain 2 Iteration: 2001 / 4000 [ 50%]  (Sampling) 
Chain 1 Iteration: 2200 / 4000 [ 55%]  (Sampling) 
Chain 4 Iteration: 2200 / 4000 [ 55%]  (Sampling) 
Chain 3 Iteration: 2200 / 4000 [ 55%]  (Sampling) 
Chain 2 Iteration: 2200 / 4000 [ 55%]  (Sampling) 
Chain 1 Iteration: 2400 / 4000 [ 60%]  (Sampling) 
Chain 4 Iteration: 2400 / 4000 [ 60%]  (Sampling) 
Chain 3 Iteration: 2400 / 4000 [ 60%]  (Sampling) 
Chain 2 Iteration: 2400 / 4000 [ 60%]  (Sampling) 
Chain 1 Iteration: 2600 / 4000 [ 65%]  (Sampling) 
Chain 4 Iteration: 2600 / 4000 [ 65%]  (Sampling) 
Chain 3 Iteration: 2600 / 4000 [ 65%]  (Sampling) 
Chain 2 Iteration: 2600 / 4000 [ 65%]  (Sampling) 
Chain 1 Iteration: 2800 / 4000 [ 70%]  (Sampling) 
Chain 4 Iteration: 2800 / 4000 [ 70%]  (Sampling) 
Chain 3 Iteration: 2800 / 4000 [ 70%]  (Sampling) 
Chain 2 Iteration: 2800 / 4000 [ 70%]  (Sampling) 
Chain 1 Iteration: 3000 / 4000 [ 75%]  (Sampling) 
Chain 4 Iteration: 3000 / 4000 [ 75%]  (Sampling) 
Chain 3 Iteration: 3000 / 4000 [ 75%]  (Sampling) 
Chain 2 Iteration: 3000 / 4000 [ 75%]  (Sampling) 
Chain 1 Iteration: 3200 / 4000 [ 80%]  (Sampling) 
Chain 4 Iteration: 3200 / 4000 [ 80%]  (Sampling) 
Chain 3 Iteration: 3200 / 4000 [ 80%]  (Sampling) 
Chain 2 Iteration: 3200 / 4000 [ 80%]  (Sampling) 
Chain 1 Iteration: 3400 / 4000 [ 85%]  (Sampling) 
Chain 4 Iteration: 3400 / 4000 [ 85%]  (Sampling) 
Chain 3 Iteration: 3400 / 4000 [ 85%]  (Sampling) 
Chain 2 Iteration: 3400 / 4000 [ 85%]  (Sampling) 
Chain 1 Iteration: 3600 / 4000 [ 90%]  (Sampling) 
Chain 4 Iteration: 3600 / 4000 [ 90%]  (Sampling) 
Chain 3 Iteration: 3600 / 4000 [ 90%]  (Sampling) 
Chain 2 Iteration: 3600 / 4000 [ 90%]  (Sampling) 
Chain 1 Iteration: 3800 / 4000 [ 95%]  (Sampling) 
Chain 4 Iteration: 3800 / 4000 [ 95%]  (Sampling) 
Chain 3 Iteration: 3800 / 4000 [ 95%]  (Sampling) 
Chain 2 Iteration: 3800 / 4000 [ 95%]  (Sampling) 
Chain 1 Iteration: 4000 / 4000 [100%]  (Sampling) 
Chain 1 finished in 41709.0 seconds.
Chain 4 Iteration: 4000 / 4000 [100%]  (Sampling) 
Chain 4 finished in 41772.8 seconds.
Chain 3 Iteration: 4000 / 4000 [100%]  (Sampling) 
Chain 3 finished in 41971.3 seconds.
Chain 2 Iteration: 4000 / 4000 [100%]  (Sampling) 
Chain 2 finished in 42987.5 seconds.

All 4 chains finished successfully.
Mean chain execution time: 42110.2 seconds.
Total execution time: 42987.8 seconds.

Warning: 3 of 8000 (0.0%) transitions hit the maximum treedepth limit of 14.
See https://mc-stan.org/misc/warnings for details.

Sampling done. Elapsed: 716.6 minutes
Fit saved to: data/output/fit_phi_free.rds 

--- MCMC diagnostics ---
Checking sampler transitions treedepth.
3 of 8000 (0.04%) transitions hit the maximum treedepth limit of 14, or 2^14 leapfrog steps.
Trajectories that are prematurely terminated due to this limit will result in slow exploration.
For optimal performance, increase this limit.

Checking sampler transitions for divergences.
No divergent transitions found.

Checking E-BFMI - sampler transitions HMC potential energy.
E-BFMI satisfactory.

Rank-normalized split effective sample size satisfactory for all parameters.

Rank-normalized split R-hat values satisfactory for all parameters.

Processing complete.

--- Key parameter summaries ---
# A tibble: 3 × 10
  variable       mean  median       sd      mad       q5      q95  rhat ess_bulk
  <chr>         <dbl>   <dbl>    <dbl>    <dbl>    <dbl>    <dbl> <dbl>    <dbl>
1 sigma_beta    0.204   0.204   0.0288   0.0285   0.156     0.251  1.00    1732.
2 sigma_gamma   0.142   0.146   0.0689   0.0736   0.0212    0.250  1.00     664.
3 phi         596.    517.    326.     191.     302.     1131.     1.00    8578.
# ℹ 1 more variable: ess_tail <dbl>
Producing phi-free plots...
Plot saved: data/output/phi_free/kf_plot_sigma_posteriors.png 
Extracting inv_simpson draws...
Plot saved: data/output/phi_free/kf_plot_diversity_by_group.png 
Extracting gamma_method posteriors...
Methods with 90% CI excluding zero: 0 
`height` was translated to `width`.
Plot saved: data/output/phi_free/kf_plot_gamma_dotplot.png 

Top 15 methods by |mean_gamma|:
                                          level_2_mid
1               L2-008: Bayesian Time Series Analysis
2                 L2-022: Generalized Linear Modeling
3            L2-064: Diversity and Complexity Metrics
4  L2-027: Convolutional Neural Network Architectures
5     L2-024: Dimensionality Reduction and Projection
6                 L2-022: Generalized Linear Modeling
7            L2-064: Diversity and Complexity Metrics
8                 L2-025: Deep Learning Architectures
9          L2-061: Discrete and Continuous Simulation
10         L2-002: Image Enhancement and Segmentation
11                L2-025: Deep Learning Architectures
12       L2-037: Statistical Inference and Validation
13         L2-040: Parametric and Nonparametric Tests
14                L2-013: Geospatial Spatial Analysis
15              L2-039: Statistical Inference Methods
                                      level_3_fine  mean_gamma        lo90
1              L3-024: Bayesian Panel Data Methods  0.14993412 -0.06340120
2             L3-134: Logistic Regression Variants -0.13813485 -0.42444376
3   L3-101: Information-Theoretic Entropy Measures  0.13638152 -0.07094822
4               L3-009: Real-Time Object Detection  0.13540529 -0.06524866
5           L3-006: Partial Least Squares Variants  0.13051405 -0.05039232
6              L3-123: Generalized Linear Modeling  0.12965801 -0.05505542
7             L3-103: Ecological Diversity Metrics -0.12453809 -0.41132442
8               L3-185: Pretrained Language Models  0.11795745 -0.08327759
9        L3-216: Process-Based Simulation Modeling  0.11538019 -0.07615564
10                L3-099: Image Quality Assessment  0.11504353 -0.09174618
11 L3-017: Kernel Methods and Matrix Factorization -0.11302484 -0.39901365
12               L3-109: Categorical Data Analysis -0.11040541 -0.38344905
13           L3-118: Hypothesis Testing Procedures -0.10692882 -0.36310237
14            L3-222: Spatial Statistical Modeling  0.10202336 -0.08825686
15       L3-115: Multivariate Statistical Analysis -0.09702481 -0.31845986
         hi90
1  0.49067341
2  0.05025455
3  0.46497961
4  0.44416520
5  0.39844749
6  0.40889272
7  0.06394466
8  0.42371137
9  0.39138349
10 0.42879456
11 0.08119377
12 0.07012298
13 0.07534446
14 0.36109995
15 0.06170698
Computing fitted share trajectories for top 15 methods...
Plot saved: data/output/phi_free/kf_plot_top_gamma_trajectories.png 
Plot saved: data/output/phi_free/kf_plot_raw_counts.png 
Warning message:
`geom_errorbarh()` was deprecated in ggplot2 4.0.0.
ℹ Please use the `orientation` argument of `geom_errorbar()` instead. 

01b_fit_phi_free.R complete.
