\BOOKMARK [1][-]{section*.2}{\376\377\000S\0001\000:\000\040\000C\000o\000m\000p\000u\000t\000a\000t\000i\000o\000n\000a\000l\000\040\000e\000n\000v\000i\000r\000o\000n\000m\000e\000n\000t}{}% 1
\BOOKMARK [1][-]{section*.3}{\376\377\000S\0002\000:\000\040\000M\000o\000d\000e\000l\000\040\000c\000a\000r\000d\000s\000\040\000a\000n\000d\000\040\000d\000e\000c\000o\000d\000i\000n\000g\000\040\000s\000e\000t\000t\000i\000n\000g\000s}{}% 2
\BOOKMARK [1][-]{section*.4}{\376\377\000S\0003\000:\000\040\000S\000c\000o\000p\000u\000s\000\040\000r\000e\000t\000r\000i\000e\000v\000a\000l\000\040\000p\000r\000o\000t\000o\000c\000o\000l}{}% 3
\BOOKMARK [2][-]{section*.5}{\376\377\000S\0003\000.\0001\000\040\000Q\000u\000e\000r\000y\000\040\000c\000o\000n\000s\000t\000r\000u\000c\000t\000i\000o\000n}{section*.4}% 4
\BOOKMARK [2][-]{section*.6}{\376\377\000S\0003\000.\0002\000\040\000M\000e\000t\000a\000d\000a\000t\000a\000\040\000f\000i\000e\000l\000d\000s\000\040\000r\000e\000t\000r\000i\000e\000v\000e\000d}{section*.4}% 5
\BOOKMARK [2][-]{section*.7}{\376\377\000S\0003\000.\0003\000\040\000F\000r\000o\000m\000\040\000r\000a\000w\000\040\000r\000e\000c\000o\000r\000d\000s\000\040\000t\000o\000\040\000t\000h\000e\000\040\000a\000n\000a\000l\000y\000s\000i\000s\000\040\000c\000o\000r\000p\000u\000s}{section*.4}% 6
\BOOKMARK [2][-]{section*.8}{\376\377\000S\0003\000.\0004\000\040\000R\000e\000g\000e\000n\000e\000r\000a\000t\000i\000n\000g\000\040\000t\000h\000e\000\040\000s\000o\000u\000r\000c\000e\000\040\000l\000i\000s\000t}{section*.4}% 7
\BOOKMARK [1][-]{section*.9}{\376\377\000S\0004\000:\000\040\000M\000e\000t\000h\000o\000d\000\040\000e\000x\000t\000r\000a\000c\000t\000i\000o\000n\000\040\000a\000n\000d\000\040\000t\000a\000x\000o\000n\000o\000m\000y\000\040\000c\000o\000n\000s\000t\000r\000u\000c\000t\000i\000o\000n}{}% 8
\BOOKMARK [2][-]{section*.10}{\376\377\000S\0004\000.\0001\000\040\000E\000x\000t\000r\000a\000c\000t\000i\000o\000n\000\040\000o\000f\000\040\000m\000e\000t\000h\000o\000d\000s\000\040\000f\000r\000o\000m\000\040\000a\000b\000s\000t\000r\000a\000c\000t\000s}{section*.9}% 9
\BOOKMARK [2][-]{section*.11}{\376\377\000S\0004\000.\0002\000\040\000P\000h\000a\000s\000e\000\040\0001\000:\000\040\000T\000e\000x\000t\000\040\000n\000o\000r\000m\000a\000l\000i\000s\000a\000t\000i\000o\000n}{section*.9}% 10
\BOOKMARK [2][-]{section*.12}{\376\377\000S\0004\000.\0003\000\040\000P\000h\000a\000s\000e\000\040\0002\000:\000\040\000F\000u\000z\000z\000y\000\040\000d\000e\000d\000u\000p\000l\000i\000c\000a\000t\000i\000o\000n}{section*.9}% 11
\BOOKMARK [2][-]{section*.13}{\376\377\000S\0004\000.\0004\000\040\000P\000h\000a\000s\000e\000\040\0003\000:\000\040\000S\000e\000m\000a\000n\000t\000i\000c\000\040\000e\000m\000b\000e\000d\000d\000i\000n\000g\000\040\000a\000n\000d\000\040\000L\0003\000\040\000c\000l\000u\000s\000t\000e\000r\000i\000n\000g}{section*.9}% 12
\BOOKMARK [2][-]{section*.14}{\376\377\000S\0004\000.\0005\000\040\000P\000h\000a\000s\000e\000\040\0004\000:\000\040\000A\000u\000t\000o\000m\000a\000t\000i\000c\000\040\000L\0003\000\040\000l\000a\000b\000e\000l\000l\000i\000n\000g}{section*.9}% 13
\BOOKMARK [2][-]{section*.15}{\376\377\000S\0004\000.\0006\000\040\000P\000h\000a\000s\000e\000\040\0004\000.\0005\000:\000\040\000G\000a\000r\000b\000a\000g\000e\000\040\000v\000a\000l\000i\000d\000a\000t\000i\000o\000n\000\040\000\050\000n\000o\000t\000\040\000d\000e\000s\000c\000r\000i\000b\000e\000d\000\040\000i\000n\000\040\000t\000h\000e\000\040\000m\000a\000i\000n\000\040\000t\000e\000x\000t\000\051}{section*.9}% 14
\BOOKMARK [2][-]{section*.16}{\376\377\000S\0004\000.\0007\000\040\000P\000h\000a\000s\000e\000\040\0005\000:\000\040\000L\0003\000-\000t\000o\000-\000L\0002\000\040\000a\000s\000s\000i\000g\000n\000m\000e\000n\000t}{section*.9}% 15
\BOOKMARK [2][-]{section*.17}{\376\377\000S\0004\000.\0008\000\040\000P\000h\000a\000s\000e\000\040\0006\000:\000\040\000A\000d\000v\000e\000r\000s\000a\000r\000i\000a\000l\000\040\000r\000e\000v\000i\000e\000w}{section*.9}% 16
\BOOKMARK [1][-]{section*.18}{\376\377\000S\0005\000:\000\040\000T\000h\000e\000\040\000f\000u\000l\000l\000\040\000t\000a\000x\000o\000n\000o\000m\000y}{}% 17
\BOOKMARK [2][-]{section*.19}{\376\377\000S\0005\000.\0001\000\040\000T\000h\000e\000\040\0002\0005\000\040\000L\0002\000\040\000c\000a\000t\000e\000g\000o\000r\000i\000e\000s}{section*.18}% 18
\BOOKMARK [2][-]{section*.20}{\376\377\000S\0005\000.\0002\000\040\000T\000h\000e\000\040\0002\0004\0001\000\040\000L\0003\000\040\000c\000l\000u\000s\000t\000e\000r\000s}{section*.18}% 19
\BOOKMARK [1][-]{section*.21}{\376\377\000S\0006\000:\000\040\000L\000L\000M\000\040\000e\000x\000p\000e\000r\000i\000m\000e\000n\000t\000:\000\040\000d\000e\000s\000i\000g\000n\000\040\000a\000n\000d\000\040\000q\000u\000a\000l\000i\000t\000y\000\040\000c\000o\000n\000t\000r\000o\000l}{}% 20
\BOOKMARK [2][-]{section*.22}{\376\377\000S\0006\000.\0001\000\040\000T\000h\000e\000\040\0002\0008\000\040\000r\000e\000s\000e\000a\000r\000c\000h\000\040\000q\000u\000e\000s\000t\000i\000o\000n\000s}{section*.21}% 21
\BOOKMARK [2][-]{section*.23}{\376\377\000S\0006\000.\0002\000\040\000T\000h\000e\000\040\0009\000\040\000v\000a\000g\000u\000e\000\040\000m\000e\000t\000h\000o\000d\000o\000l\000o\000g\000i\000c\000a\000l\000\040\000d\000e\000s\000c\000r\000i\000p\000t\000o\000r\000s}{section*.21}% 22
\BOOKMARK [2][-]{section*.24}{\376\377\000S\0006\000.\0003\000\040\000S\000a\000m\000p\000l\000i\000n\000g\000\040\000d\000e\000s\000i\000g\000n}{section*.21}% 23
\BOOKMARK [2][-]{section*.25}{\376\377\000S\0006\000.\0004\000\040\000T\000h\000e\000\040\000t\000h\000r\000e\000e\000\040\000p\000r\000o\000f\000i\000l\000e\000\040\000p\000r\000o\000m\000p\000t\000s}{section*.21}% 24
\BOOKMARK [2][-]{section*.26}{\376\377\000S\0006\000.\0005\000\040\000T\000h\000e\000\040\000L\0004\000L\0003\000\040\000m\000a\000p\000p\000i\000n\000g\000\040\000p\000r\000o\000m\000p\000t}{section*.21}% 25
\BOOKMARK [2][-]{section*.27}{\376\377\000S\0006\000.\0006\000\040\000Q\000u\000a\000l\000i\000t\000y\000\040\000c\000o\000n\000t\000r\000o\000l}{section*.21}% 26
\BOOKMARK [2][-]{section*.28}{\376\377\000S\0006\000.\0007\000\040\000C\000o\000v\000e\000r\000a\000g\000e\000\040\000o\000f\000\040\000t\000h\000e\000\040\000t\000a\000x\000o\000n\000o\000m\000y\000\040\000b\000y\000\040\000t\000h\000e\000\040\000r\000e\000c\000o\000m\000m\000e\000n\000d\000a\000t\000i\000o\000n\000s}{section*.21}% 27
\BOOKMARK [1][-]{section*.29}{\376\377\000S\0007\000:\000\040\000T\000h\000e\000\040\000D\000i\000r\000i\000c\000h\000l\000e\000t\000-\000M\000u\000l\000t\000i\000n\000o\000m\000i\000a\000l\000\040\000m\000o\000d\000e\000l}{}% 28
\BOOKMARK [2][-]{section*.30}{\376\377\000S\0007\000.\0001\000\040\000M\000o\000d\000e\000l\000\040\000s\000p\000e\000c\000i\000f\000i\000c\000a\000t\000i\000o\000n}{section*.29}% 29
\BOOKMARK [2][-]{section*.31}{\376\377\000S\0007\000.\0002\000\040\000P\000r\000i\000o\000r\000s\000\040\000a\000n\000d\000\040\000i\000m\000p\000l\000e\000m\000e\000n\000t\000a\000t\000i\000o\000n\000\040\000d\000e\000t\000a\000i\000l\000s}{section*.29}% 30
\BOOKMARK [2][-]{section*.32}{\376\377\000S\0007\000.\0004\000\040\000S\000a\000m\000p\000l\000e\000r\000\040\000c\000o\000n\000f\000i\000g\000u\000r\000a\000t\000i\000o\000n}{section*.29}% 31
\BOOKMARK [2][-]{section*.33}{\376\377\000S\0007\000.\0005\000\040\000C\000o\000n\000v\000e\000r\000g\000e\000n\000c\000e}{section*.29}% 32
\BOOKMARK [2][-]{section*.34}{\376\377\000S\0007\000.\0006\000\040\000P\000o\000s\000t\000e\000r\000i\000o\000r\000\040\000s\000u\000m\000m\000a\000r\000y}{section*.29}% 33
\BOOKMARK [1][-]{section*.35}{\376\377\000S\0008\000:\000\040\000B\000a\000y\000e\000s\000i\000a\000n\000\040\000w\000o\000r\000k\000f\000l\000o\000w\000\040\000c\000h\000e\000c\000k\000s}{}% 34
\BOOKMARK [2][-]{section*.36}{\376\377\000S\0008\000.\0001\000\040\000P\000r\000i\000o\000r\000\040\000p\000r\000e\000d\000i\000c\000t\000i\000v\000e\000\040\000c\000h\000e\000c\000k}{section*.35}% 35
\BOOKMARK [2][-]{section*.37}{\376\377\000S\0008\000.\0002\000\040\000P\000o\000s\000t\000e\000r\000i\000o\000r\000\040\000p\000r\000e\000d\000i\000c\000t\000i\000v\000e\000\040\000c\000h\000e\000c\000k}{section*.35}% 36
\BOOKMARK [2][-]{section*.38}{\376\377\000S\0008\000.\0003\000\040\000F\000a\000k\000e\000-\000d\000a\000t\000a\000\040\000s\000i\000m\000u\000l\000a\000t\000i\000o\000n}{section*.35}% 37
\BOOKMARK [1][-]{section*.39}{\376\377\000S\0009\000:\000\040\000T\000h\000e\000\040\000c\000o\000n\000c\000e\000n\000t\000r\000a\000t\000i\000o\000n\000\040\000a\000n\000a\000l\000y\000s\000i\000s}{}% 38
\BOOKMARK [2][-]{section*.40}{\376\377\000S\0009\000.\0001\000\040\000S\000t\000a\000t\000i\000s\000t\000i\000c\000a\000l\000\040\000m\000e\000t\000h\000o\000d}{section*.39}% 39
\BOOKMARK [2][-]{section*.41}{\376\377\000S\0009\000.\0002\000\040\000R\000e\000s\000u\000l\000t\000s}{section*.39}% 40
\BOOKMARK [1][-]{section*.42}{\376\377\000S\0001\0000\000:\000\040\000W\000h\000a\000t\000\040\000d\000r\000i\000v\000e\000s\000\040\000L\000L\000M\000\040\000r\000e\000c\000o\000m\000m\000e\000n\000d\000a\000t\000i\000o\000n\000s}{}% 41
\BOOKMARK [2][-]{section*.43}{\376\377\000S\0001\0000\000.\0001\000\040\000M\000o\000d\000e\000l}{section*.42}% 42
\BOOKMARK [2][-]{section*.44}{\376\377\000S\0001\0000\000.\0002\000\040\000R\000e\000s\000u\000l\000t\000s}{section*.42}% 43
\BOOKMARK [1][-]{section*.45}{\376\377\000S\0001\0001\000:\000\040\000R\000o\000b\000u\000s\000t\000n\000e\000s\000s\000\040\000a\000n\000d\000\040\000s\000e\000n\000s\000i\000t\000i\000v\000i\000t\000y}{}% 44
\BOOKMARK [2][-]{section*.46}{\376\377\000S\0001\0001\000.\0001\000\040\000B\000r\000e\000a\000k\000p\000o\000i\000n\000t\000\040\000a\000t\000\040\0002\0000\0002\0002}{section*.45}% 45
\BOOKMARK [2][-]{section*.47}{\376\377\000S\0001\0001\000.\0002\000\040\000S\000e\000n\000s\000i\000t\000i\000v\000i\000t\000y\000\040\000A\000:\000\040\000c\000o\000u\000n\000t\000\040\000t\000h\000r\000e\000s\000h\000o\000l\000d}{section*.45}% 46
\BOOKMARK [2][-]{section*.48}{\376\377\000S\0001\0001\000.\0003\000\040\000S\000e\000n\000s\000i\000t\000i\000v\000i\000t\000y\000\040\000B\000:\000\040\000t\000a\000x\000o\000n\000o\000m\000y\000\040\000r\000e\000m\000a\000p\000p\000i\000n\000g}{section*.45}% 47
\BOOKMARK [2][-]{section*.49}{\376\377\000S\0001\0001\000.\0004\000\040\000S\000e\000n\000s\000i\000t\000i\000v\000i\000t\000y\000\040\000C\000:\000\040\000d\000i\000s\000t\000r\000i\000b\000u\000t\000i\000o\000n\000a\000l\000\040\000t\000e\000s\000t}{section*.45}% 48
\BOOKMARK [2][-]{section*.50}{\376\377\000S\0001\0001\000.\0005\000\040\000S\000e\000n\000s\000i\000t\000i\000v\000i\000t\000y\000\040\000D\000:\000\040\000d\000i\000r\000e\000c\000t\000\040\000d\000i\000v\000e\000r\000s\000i\000t\000y\000\040\000t\000r\000a\000j\000e\000c\000t\000o\000r\000y}{section*.45}% 49
\BOOKMARK [1][-]{section*.51}{\376\377\000S\0001\0002\000:\000\040\000R\000e\000p\000r\000o\000d\000u\000c\000i\000b\000i\000l\000i\000t\000y}{}% 50
\BOOKMARK [2][-]{section*.52}{\376\377\000S\0001\0002\000.\0001\000\040\000C\000o\000r\000p\000u\000s\000\040\000f\000l\000o\000w\000\040\000i\000n\000t\000o\000\040\000t\000h\000e\000\040\000m\000o\000d\000e\000l}{section*.51}% 51
\BOOKMARK [2][-]{section*.53}{\376\377\000S\0001\0002\000.\0002\000\040\000S\000o\000f\000t\000w\000a\000r\000e\000\040\000e\000n\000v\000i\000r\000o\000n\000m\000e\000n\000t}{section*.51}% 52
\BOOKMARK [2][-]{section*.54}{\376\377\000S\0001\0002\000.\0003\000\040\000S\000c\000r\000i\000p\000t\000s\000\040\000a\000n\000d\000\040\000d\000e\000p\000o\000s\000i\000t\000e\000d\000\040\000a\000r\000t\000e\000f\000a\000c\000t\000s}{section*.51}% 53
\BOOKMARK [1][-]{section*.55}{\376\377\000L\000i\000s\000t\000\040\000o\000f\000\040\000s\000u\000p\000p\000l\000e\000m\000e\000n\000t\000a\000r\000y\000\040\000t\000a\000b\000l\000e\000s}{}% 54
